// Jest Snapshot v1, https://goo.gl/fbAQLP

exports[`src/config/Theme should render the theme provider 1`] = `
<span>
  TEST THEME
</span>
`;
